============================= test session starts =============================
platform win32 -- Python 3.13.3, pytest-9.0.3, pluggy-1.6.0 -- C:\Users\THINKPAD 460\AppData\Local\Programs\Python\Python313\python.exe
cachedir: .pytest_cache
rootdir: C:\Users\THINKPAD 460\Election_cam\Nere_app\backend
configfile: pytest.ini
plugins: anyio-4.13.0, Faker-40.13.0, asyncio-1.3.0, cov-6.0.0
asyncio: mode=Mode.STRICT, debug=False, asyncio_default_fixture_loop_scope=None, asyncio_default_test_loop_scope=function
collecting ... collected 180 items

tests/test_audit_logging.py::TestAuditLogger::test_audit_logger_creation PASSED [  0%]
tests/test_audit_logging.py::TestAuditLogger::test_get_audit_logger_with_db PASSED [  1%]
tests/test_audit_logging.py::TestAuditLogger::test_get_audit_logger_without_db_raises_error PASSED [  1%]
tests/test_audit_logging.py::TestAuditLogger::test_log_action_basic PASSED [  2%]
tests/test_audit_logging.py::TestAuditLogger::test_log_action_with_request PASSED [  2%]
tests/test_audit_logging.py::TestAuditLogger::test_log_action_with_additional_data PASSED [  3%]
tests/test_audit_logging.py::TestAuditLogger::test_get_client_ip_from_x_forwarded_for PASSED [  3%]
tests/test_audit_logging.py::TestAuditLogger::test_get_client_ip_from_x_real_ip PASSED [  4%]
tests/test_audit_logging.py::TestAuditLogger::test_get_client_ip_fallback_to_direct_ip PASSED [  5%]
tests/test_audit_logging.py::TestAuditLogger::test_get_client_ip_no_client_info PASSED [  5%]
tests/test_audit_logging.py::TestConvenienceFunctions::test_log_auth_success PASSED [  6%]
tests/test_audit_logging.py::TestConvenienceFunctions::test_log_auth_failure PASSED [  6%]
tests/test_audit_logging.py::TestConvenienceFunctions::test_log_payment_initiated PASSED [  7%]
tests/test_audit_logging.py::TestConvenienceFunctions::test_log_medical_access PASSED [  7%]
tests/test_audit_logging.py::TestConvenienceFunctions::test_log_data_export PASSED [  8%]
tests/test_audit_logging.py::TestAuditMiddleware::test_middleware_creation PASSED [  8%]
tests/test_audit_logging.py::TestAuditMiddleware::test_middleware_with_custom_exclude_paths PASSED [  9%]
tests/test_audit_logging.py::TestAuditMiddleware::test_is_critical_operation_auth_login PASSED [ 10%]
tests/test_audit_logging.py::TestAuditMiddleware::test_is_critical_operation_payments PASSED [ 10%]
tests/test_audit_logging.py::TestAuditMiddleware::test_is_critical_operation_consultations PASSED [ 11%]
tests/test_audit_logging.py::TestAuditMiddleware::test_is_critical_operation_docs PASSED [ 11%]
tests/test_audit_logging.py::TestAuditMiddleware::test_determine_action_login PASSED [ 12%]
tests/test_audit_logging.py::TestAuditMiddleware::test_determine_action_logout PASSED [ 12%]
tests/test_audit_logging.py::TestAuditMiddleware::test_determine_action_payment_post PASSED [ 13%]
tests/test_audit_logging.py::TestAuditMiddleware::test_determine_action_payment_put PASSED [ 13%]
tests/test_audit_logging.py::TestAuditMiddleware::test_determine_action_consultation_post PASSED [ 14%]
tests/test_audit_logging.py::TestAuditMiddleware::test_determine_action_ordonnance_post PASSED [ 15%]
tests/test_audit_logging.py::TestAuditMiddleware::test_extract_entity_info_consultation PASSED [ 15%]
tests/test_audit_logging.py::TestAuditMiddleware::test_extract_entity_info_payment PASSED [ 16%]
tests/test_audit_logging.py::TestAuditMiddleware::test_extract_entity_info_ordonnance PASSED [ 16%]
tests/test_audit_logging.py::TestAuditMiddleware::test_extract_entity_info_invalid_id PASSED [ 17%]
tests/test_audit_logging.py::TestAuditLoggingIntegration::test_audit_log_entry_structure PASSED [ 17%]
tests/test_audit_logging.py::TestAuditLoggingIntegration::test_sensitive_action_logging PASSED [ 18%]
tests/test_audit_logging.py::TestAuditLoggingIntegration::test_audit_logger_does_not_break_on_error PASSED [ 18%]
tests/test_audit_logging.py::TestAuditLoggingCompliance::test_audit_log_immutability PASSED [ 19%]
tests/test_audit_logging.py::TestAuditLoggingCompliance::test_audit_log_contains_user_info PASSED [ 20%]
tests/test_audit_logging.py::TestAuditLoggingCompliance::test_audit_log_contains_ip_address PASSED [ 20%]
tests/test_audit_logging.py::TestAuditLoggingCompliance::test_audit_log_contains_timestamp PASSED [ 21%]
tests/test_audit_logging.py::TestAuditLoggingCompliance::test_sensitive_data_not_logged PASSED [ 21%]
tests/test_db_connection.py::test_database_connection PASSED             [ 22%]
tests/test_encryption.py::TestEncryptionManager::test_initialization PASSED [ 22%]
tests/test_encryption.py::TestEncryptionManager::test_encrypt_decrypt_roundtrip PASSED [ 23%]
tests/test_encryption.py::TestEncryptionManager::test_encrypt_empty_string PASSED [ 23%]
tests/test_encryption.py::TestEncryptionManager::test_decrypt_invalid_ciphertext PASSED [ 24%]
tests/test_encryption.py::TestEncryptionManager::test_decrypt_empty_ciphertext PASSED [ 25%]
tests/test_encryption.py::TestEncryptionManager::test_encrypt_pii_data PASSED [ 25%]
tests/test_encryption.py::TestEncryptionManager::test_encryption_produces_different_ciphertexts PASSED [ 26%]
tests/test_encryption.py::TestHashingSensitiveData::test_hash_sensitive_data PASSED [ 26%]
tests/test_encryption.py::TestHashingSensitiveData::test_hash_is_deterministic PASSED [ 27%]
tests/test_encryption.py::TestHashingSensitiveData::test_hash_with_custom_salt PASSED [ 27%]
tests/test_encryption.py::TestHashingSensitiveData::test_hash_empty_data PASSED [ 28%]
tests/test_encryption.py::TestEncryptionManagerSingleton::test_get_encryption_manager_singleton PASSED [ 28%]
tests/test_encryption.py::TestSecurityHeaders::test_get_security_headers_contains_hsts PASSED [ 29%]
tests/test_encryption.py::TestSecurityHeaders::test_get_security_headers_contains_csp PASSED [ 30%]
tests/test_encryption.py::TestSecurityHeaders::test_get_security_headers_contains_x_frame_options PASSED [ 30%]
tests/test_encryption.py::TestSecurityHeaders::test_get_security_headers_contains_content_type_options PASSED [ 31%]
tests/test_encryption.py::TestSecurityHeaders::test_get_security_headers_contains_referrer_policy PASSED [ 31%]
tests/test_encryption.py::TestSecurityHeaders::test_get_security_headers_contains_permissions_policy PASSED [ 32%]
tests/test_encryption.py::TestHTTPSHeaders::test_hsts_max_age_production PASSED [ 32%]
tests/test_encryption.py::TestHTTPSHeaders::test_csp_script_src_restrictive PASSED [ 33%]
tests/test_encryption.py::TestDataEncryptionIntegration::test_pii_encryption_workflow PASSED [ 33%]
tests/test_encryption.py::TestDataEncryptionIntegration::test_document_data_encryption PASSED [ 34%]
tests/test_failles_789.py::TestFAILLE7JWTAuthentication::test_jwt_handler_import PASSED [ 35%]
tests/test_failles_789.py::TestFAILLE7JWTAuthentication::test_create_access_token PASSED [ 35%]
tests/test_failles_789.py::TestFAILLE7JWTAuthentication::test_create_refresh_token PASSED [ 36%]
tests/test_failles_789.py::TestFAILLE7JWTAuthentication::test_decode_valid_token PASSED [ 36%]
tests/test_failles_789.py::TestFAILLE7JWTAuthentication::test_decode_expired_token PASSED [ 37%]
tests/test_failles_789.py::TestFAILLE7JWTAuthentication::test_token_rotation PASSED [ 37%]
tests/test_failles_789.py::TestFAILLE7JWTAuthentication::test_token_blacklist_structure PASSED [ 38%]
tests/test_failles_789.py::TestFAILLE7JWTAuthentication::test_token_rotation_log_structure PASSED [ 38%]
tests/test_failles_789.py::TestFAILLE8DataEncryption::test_encryption_manager_import PASSED [ 39%]
tests/test_failles_789.py::TestFAILLE8DataEncryption::test_encrypt_decrypt_string PASSED [ 40%]
tests/test_failles_789.py::TestFAILLE8DataEncryption::test_encrypt_empty_string PASSED [ 40%]
tests/test_failles_789.py::TestFAILLE8DataEncryption::test_encrypt_special_characters PASSED [ 41%]
tests/test_failles_789.py::TestFAILLE8DataEncryption::test_encrypt_unicode PASSED [ 41%]
tests/test_failles_789.py::TestFAILLE8DataEncryption::test_password_hash_verify PASSED [ 42%]
tests/test_failles_789.py::TestFAILLE8DataEncryption::test_different_encryptions_produce_different_results PASSED [ 42%]
tests/test_failles_789.py::TestFAILLE8DataEncryption::test_security_headers PASSED [ 43%]
tests/test_failles_789.py::TestFAILLE8DataEncryption::test_https_middleware_import PASSED [ 43%]
tests/test_failles_789.py::TestFAILLE9InputValidation::test_input_validator_import PASSED [ 44%]
tests/test_failles_789.py::TestFAILLE9InputValidation::test_sanitize_text_html_escape PASSED [ 45%]
tests/test_failles_789.py::TestFAILLE9InputValidation::test_sanitize_text_length_limit PASSED [ 45%]
tests/test_failles_789.py::TestFAILLE9InputValidation::test_check_sql_injection PASSED [ 46%]
tests/test_failles_789.py::TestFAILLE9InputValidation::test_check_xss_script_tag PASSED [ 46%]
tests/test_failles_789.py::TestFAILLE9InputValidation::test_validate_email PASSED [ 47%]
tests/test_failles_789.py::TestFAILLE9InputValidation::test_validate_phone PASSED [ 47%]
tests/test_failles_789.py::TestFAILLE9InputValidation::test_validate_url PASSED [ 48%]
tests/test_failles_789.py::TestFAILLE9InputValidation::test_validate_file_upload PASSED [ 48%]
tests/test_failles_789.py::TestFAILLE9InputValidation::test_pydantic_validation_schemas PASSED [ 49%]
tests/test_failles_789.py::TestIntegrationFAILLES789::test_all_modules_can_be_imported_together PASSED [ 50%]
tests/test_failles_789.py::TestIntegrationFAILLES789::test_secure_workflow_simulation PASSED [ 50%]
tests/test_global_rate_limiting.py::TestGlobalRateLimiting::test_api_limiter_on_ia_routes PASSED [ 51%]
tests/test_global_rate_limiting.py::TestGlobalRateLimiting::test_api_limiter_on_teleconsultation_routes PASSED [ 51%]
tests/test_global_rate_limiting.py::TestGlobalRateLimiting::test_api_limiter_on_consultation_routes SKIPPED [ 52%]
tests/test_global_rate_limiting.py::TestGlobalRateLimiting::test_api_limiter_on_ordonnance_routes SKIPPED [ 52%]
tests/test_global_rate_limiting.py::TestGlobalRateLimiting::test_adaptive_rate_limiting PASSED [ 53%]
tests/test_global_rate_limiting.py::TestGlobalRateLimiting::test_rate_limit_headers_present PASSED [ 53%]
tests/test_global_rate_limiting.py::TestGlobalRateLimiting::test_different_limits_for_different_routes PASSED [ 54%]
tests/test_jwt_authentication.py::TestJWTTokenCreation::test_create_access_token PASSED [ 55%]
tests/test_jwt_authentication.py::TestJWTTokenCreation::test_create_refresh_token PASSED [ 55%]
tests/test_jwt_authentication.py::TestJWTTokenCreation::test_token_expiration_access_vs_refresh PASSED [ 56%]
tests/test_jwt_authentication.py::TestJWTTokenValidation::test_decode_valid_token PASSED [ 56%]
tests/test_jwt_authentication.py::TestJWTTokenValidation::test_decode_invalid_token PASSED [ 57%]
tests/test_jwt_authentication.py::TestJWTTokenValidation::test_decode_expired_token PASSED [ 57%]
tests/test_jwt_authentication.py::TestJWTTokenRotation::test_should_rotate_token_false PASSED [ 58%]
tests/test_jwt_authentication.py::TestJWTTokenRotation::test_should_rotate_token_true PASSED [ 58%]
tests/test_jwt_authentication.py::TestJWTBlacklist::test_is_token_blacklisted_false PASSED [ 59%]
tests/test_jwt_authentication.py::TestJWTBlacklist::test_blacklist_token PASSED [ 60%]
tests/test_jwt_authentication.py::TestJWTAuthentication::test_validate_token_and_get_user_valid PASSED [ 60%]
tests/test_jwt_authentication.py::TestJWTAuthentication::test_validate_token_blacklisted PASSED [ 61%]
tests/test_jwt_authentication.py::TestJWTCleanup::test_cleanup_expired_blacklist PASSED [ 61%]
tests/test_jwt_authentication.py::TestJWTAuthRoutes::test_login_endpoint_creates_tokens PASSED [ 62%]
tests/test_jwt_authentication.py::TestJWTAuthRoutes::test_refresh_endpoint_rotates_tokens PASSED [ 62%]
tests/test_jwt_authentication.py::TestJWTAuthRoutes::test_logout_endpoint_revokes_tokens PASSED [ 63%]
tests/test_jwt_authentication.py::TestJWTIntegration::test_complete_jwt_lifecycle PASSED [ 63%]
tests/test_jwt_authentication.py::TestJWTIntegration::test_token_not_rotatable_when_fresh PASSED [ 64%]
tests/test_middleware_debug.py::test_debug_request_state_without_auth PASSED [ 65%]
tests/test_middleware_debug.py::test_debug_request_state_with_auth PASSED [ 65%]
tests/test_middleware_debug.py::test_middleware_sets_request_state PASSED [ 66%]
tests/test_middleware_debug.py::test_auth_header_format PASSED           [ 66%]
tests/test_paiements_rate_limiting.py::TestPaiementRateLimiting::test_create_paiement_rate_limit PASSED [ 67%]
tests/test_paiements_rate_limiting.py::TestPaiementRateLimiting::test_checkout_session_rate_limit PASSED [ 67%]
tests/test_paiements_rate_limiting.py::TestPaiementRateLimiting::test_webhook_rate_limit FAILED [ 68%]
tests/test_paiements_rate_limiting.py::TestPaiementRateLimiting::test_read_paiement_rate_limit PASSED [ 68%]
tests/test_paiements_rate_limiting.py::TestPaiementRateLimiting::test_rate_limit_reset_after_time PASSED [ 69%]
tests/test_phase3.py::TestIADiagnostic::test_ia_diagnostic_unauthorized PASSED [ 70%]
tests/test_phase3.py::TestIADiagnostic::test_ia_diagnostic_invalid_patient PASSED [ 70%]
tests/test_phase3.py::TestTeleconsultation::test_prepare_teleconsultation_unauthorized PASSED [ 71%]
tests/test_phase3.py::TestTeleconsultation::test_prepare_teleconsultation_invalid_rdv PASSED [ 71%]
tests/test_phase3.py::TestTeleconsultation::test_get_teleconsultation_unauthorized PASSED [ 72%]
tests/test_phase3.py::TestTeleconsultation::test_get_teleconsultation_not_found PASSED [ 72%]
tests/test_phase3.py::TestPaiements::test_list_paiements_unauthorized PASSED [ 73%]
tests/test_phase3.py::TestPaiements::test_create_paiement_unauthorized PASSED [ 73%]
tests/test_phase3.py::TestPaiements::test_checkout_without_stripe_key PASSED [ 74%]
tests/test_phase3.py::TestPhase3Integration::test_endpoints_are_registered PASSED [ 75%]
tests/test_root.py::test_root_route PASSED                               [ 75%]
tests/test_root.py::test_tables_route PASSED                             [ 76%]
tests/test_root.py::test_users_table_access PASSED                       [ 76%]
tests/test_routes_coverage.py::test_all_routes_are_in_openapi PASSED     [ 77%]
tests/test_routes_coverage.py::test_openapi_routes_return_valid_responses_when_backend_is_ready PASSED [ 77%]
tests/test_security_config.py::test_secret_key_not_default_in_production PASSED [ 78%]
tests/test_security_config.py::test_secret_key_too_short_in_production PASSED [ 78%]
tests/test_security_config.py::test_cors_wildcard_forbidden_in_production PASSED [ 79%]
tests/test_security_config.py::test_allowed_hosts_required_in_production PASSED [ 80%]
tests/test_security_config.py::test_database_url_dangerous_password_forbidden PASSED [ 80%]
tests/test_security_cors.py::test_cors_invalid_origin_rejected PASSED    [ 81%]
tests/test_security_cors.py::test_cors_allowed_methods_not_wildcard PASSED [ 81%]
tests/test_security_cors.py::test_cors_allowed_headers_not_wildcard PASSED [ 82%]
tests/test_security_cors.py::test_cors_credentials_handled_safely PASSED [ 82%]
tests/test_security_cors.py::test_cors_security_headers_present PASSED   [ 83%]
tests/test_security_host.py::TestHostValidation::test_host_validation_dev_mode PASSED [ 83%]
tests/test_security_host.py::TestHostValidation::test_host_validation_prod_valid_host PASSED [ 84%]
tests/test_security_host.py::TestHostValidation::test_host_validation_prod_invalid_host PASSED [ 85%]
tests/test_security_host.py::TestHostValidation::test_host_validation_prod_missing_host_header PASSED [ 85%]
tests/test_security_host.py::TestHostValidation::test_host_validation_prod_malformed_host PASSED [ 86%]
tests/test_security_host.py::TestHostValidation::test_host_validation_prod_invalid_port PASSED [ 86%]
tests/test_security_host.py::TestConfigValidation::test_allowed_hosts_validation_prod_empty PASSED [ 87%]
tests/test_security_host.py::TestConfigValidation::test_allowed_hosts_validation_dev_default PASSED [ 87%]
tests/test_security_host_unit.py::TestHostValidation::test_host_validation_valid_host PASSED [ 88%]
tests/test_security_host_unit.py::TestHostValidation::test_host_validation_invalid_host PASSED [ 88%]
tests/test_security_host_unit.py::TestHostValidation::test_host_validation_missing_host_header PASSED [ 89%]
tests/test_security_host_unit.py::TestHostValidation::test_host_validation_malformed_host PASSED [ 90%]
tests/test_security_host_unit.py::TestHostValidation::test_host_validation_invalid_port PASSED [ 90%]
tests/test_security_host_unit.py::TestHostValidation::test_host_validation_valid_ports PASSED [ 91%]
tests/test_security_host_unit.py::TestHostValidation::test_host_validation_case_insensitive PASSED [ 91%]
tests/test_security_host_unit.py::TestConfigValidation::test_allowed_hosts_validation_dev_empty PASSED [ 92%]
tests/test_security_host_unit.py::TestConfigValidation::test_allowed_hosts_validation_prod_empty PASSED [ 92%]
tests/test_security_host_unit.py::TestConfigValidation::test_allowed_hosts_validation_prod_valid PASSED [ 93%]
tests/test_security_host_unit.py::TestConfigValidation::test_parse_comma_list PASSED [ 93%]
tests/test_token_revocation.py::TestTokenBlacklistManager::test_revoke_token_success PASSED [ 94%]
tests/test_token_revocation.py::TestTokenBlacklistManager::test_revoke_token_already_revoked PASSED [ 95%]
tests/test_token_revocation.py::TestTokenBlacklistManager::test_cleanup_expired_tokens PASSED [ 95%]
tests/test_token_revocation.py::TestTokenRevocationEndpoint::test_logout_revokes_token PASSED [ 96%]
tests/test_token_revocation.py::TestTokenRevocationEndpoint::test_revoked_token_rejected PASSED [ 96%]
tests/test_token_revocation.py::TestTokenRevocationEndpoint::test_multiple_logout_attempts PASSED [ 97%]
tests/test_token_revocation.py::TestTokenRevocationEndpoint::test_logout_invalid_token PASSED [ 97%]
tests/test_token_revocation.py::TestTokenRevocationAudit::test_logout_audit_logged PASSED [ 98%]
tests/test_token_revocation.py::TestTokenRevocationAudit::test_revoked_token_rejection_logged PASSED [ 98%]
tests/test_token_revocation.py::TestTokenRevocationIntegration::test_user_session_lifecycle PASSED [ 99%]
tests/test_token_revocation.py::TestTokenRevocationIntegration::test_concurrent_requests_with_revocation PASSED [100%]

================================== FAILURES ===================================
E   AssertionError: Rate limiting non appliquÚ: 0/1
    assert 0 >= 1
C:\Users\THINKPAD 460\Election_cam\Nere_app\backend\tests\test_paiements_rate_limiting.py:207: AssertionError: Rate limiting non appliquÚ: 0/1
============================== warnings summary ===============================
tests/test_paiements_rate_limiting.py::TestPaiementRateLimiting::test_checkout_session_rate_limit
  C:\Users\THINKPAD 460\AppData\Local\Programs\Python\Python313\Lib\site-packages\httpx\_config.py:51: DeprecationWarning: `verify=<str>` is deprecated. Use `verify=ssl.create_default_context(cafile=...)` or `verify=ssl.create_default_context(capath=...)` instead.
    warnings.warn(message, DeprecationWarning)

-- Docs: https://docs.pytest.org/en/stable/how-to/capture-warnings.html
=========================== short test summary info ===========================
FAILED tests/test_paiements_rate_limiting.py::TestPaiementRateLimiting::test_webhook_rate_limit
======= 1 failed, 177 passed, 2 skipped, 1 warning in 326.65s (0:05:26) =======
